#第4题
### SerailGC运行 
运行命令
```
java -Xms1g -Xmx1g -XX:+PrintGCDetails -XX:+PrintGCDateStamps -XX:+UseSerialGC -Xloggc:log.log  GCLogAnalysis
```
查看GC日志文件
```
cat log.log
Java HotSpot(TM) 64-Bit Server VM (25.77-b03) for bsd-amd64 JRE (1.8.0_77-b03), built on Mar 20 2016 22:14:03 by "java_re" with gcc 4.2.1 (Based on Apple Inc. build 5658) (LLVM build 2336.11.00)
Memory: 4k page, physical 8388608k(1397276k free)

/proc/meminfo:

CommandLine flags: -XX:InitialHeapSize=1073741824 -XX:MaxHeapSize=1073741824 -XX:+PrintGC -XX:+PrintGCDateStamps -XX:+PrintGCDetails -XX:+PrintGCTimeStamps -XX:+UseCompressedClassPointers -XX:+UseCompressedOops -XX:+UseSerialGC 
2021-03-27T16:07:45.490-0800: 0.285: [GC (Allocation Failure) 2021-03-27T16:07:45.490-0800: 0.285: [DefNew: 279616K->34943K(314560K), 0.0525907 secs] 279616K->88964K(1013632K), 0.0527356 secs] [Times: user=0.03 sys=0.02, real=0.05 secs] 
2021-03-27T16:07:45.591-0800: 0.386: [GC (Allocation Failure) 2021-03-27T16:07:45.591-0800: 0.386: [DefNew: 314559K->34943K(314560K), 0.0687274 secs] 368580K->171685K(1013632K), 0.0688232 secs] [Times: user=0.04 sys=0.04, real=0.07 secs] 
2021-03-27T16:07:45.706-0800: 0.501: [GC (Allocation Failure) 2021-03-27T16:07:45.706-0800: 0.501: [DefNew: 314559K->34944K(314560K), 0.0517230 secs] 451301K->246135K(1013632K), 0.0518204 secs] [Times: user=0.03 sys=0.02, real=0.05 secs] 
2021-03-27T16:07:45.800-0800: 0.594: [GC (Allocation Failure) 2021-03-27T16:07:45.800-0800: 0.594: [DefNew: 314560K->34943K(314560K), 0.0516442 secs] 525751K->324039K(1013632K), 0.0517382 secs] [Times: user=0.03 sys=0.02, real=0.05 secs] 
2021-03-27T16:07:45.895-0800: 0.690: [GC (Allocation Failure) 2021-03-27T16:07:45.895-0800: 0.690: [DefNew: 314559K->34943K(314560K), 0.0460504 secs] 603655K->395986K(1013632K), 0.0461376 secs] [Times: user=0.03 sys=0.02, real=0.05 secs] 
2021-03-27T16:07:45.984-0800: 0.778: [GC (Allocation Failure) 2021-03-27T16:07:45.984-0800: 0.778: [DefNew: 314559K->34942K(314560K), 0.0517624 secs] 675602K->476988K(1013632K), 0.0518577 secs] [Times: user=0.03 sys=0.02, real=0.05 secs] 
2021-03-27T16:07:46.075-0800: 0.869: [GC (Allocation Failure) 2021-03-27T16:07:46.075-0800: 0.869: [DefNew: 314558K->34943K(314560K), 0.0534770 secs] 756604K->560215K(1013632K), 0.0535693 secs] [Times: user=0.03 sys=0.02, real=0.05 secs] 
2021-03-27T16:07:46.171-0800: 0.965: [GC (Allocation Failure) 2021-03-27T16:07:46.171-0800: 0.965: [DefNew: 314559K->34943K(314560K), 0.0544434 secs] 839831K->642421K(1013632K), 0.0545409 secs] [Times: user=0.03 sys=0.02, real=0.05 secs] 
2021-03-27T16:07:46.266-0800: 1.061: [GC (Allocation Failure) 2021-03-27T16:07:46.266-0800: 1.061: [DefNew: 314559K->314559K(314560K), 0.0000212 secs]2021-03-27T16:07:46.266-0800: 1.061: [Tenured: 607477K->387218K(699072K), 0.0757232 secs] 922037K->387218K(1013632K), [Metaspace: 2692K->2692K(1056768K)], 0.0758492 secs] [Times: user=0.07 sys=0.00, real=0.08 secs] 
Heap
 def new generation   total 314560K, used 11839K [0x0000000780000000, 0x0000000795550000, 0x0000000795550000)
  eden space 279616K,   4% used [0x0000000780000000, 0x0000000780b8fce8, 0x0000000791110000)
  from space 34944K,   0% used [0x0000000791110000, 0x0000000791110000, 0x0000000793330000)
  to   space 34944K,   0% used [0x0000000793330000, 0x0000000793330000, 0x0000000795550000)
 tenured generation   total 699072K, used 387218K [0x0000000795550000, 0x00000007c0000000, 0x00000007c0000000)
   the space 699072K,  55% used [0x0000000795550000, 0x00000007acf748d8, 0x00000007acf74a00, 0x00000007c0000000)
 Metaspace       used 2698K, capacity 4486K, committed 4864K, reserved 1056768K
  class space    used 296K, capacity 386K, committed 512K, reserved 1048576K
```
查看日志，只是产生了yong区的GC,分析其中一条
```
2021-03-27T16:07:45.490-0800: 0.285: [GC (Allocation Failure) 2021-03-27T16:07:45.490-0800: 0.285: [DefNew: 279616K->34943K(314560K), 0.0525907 secs] 279616K->88964K(1013632K), 0.0527356 secs] [Times: user=0.03 sys=0.02, real=0.05 secs] 
```
这次GC的时间是，启动0.285秒的时候，yong区分配空间失败，进行了gc回收，yong区空间从279m回收到34m左右，回收了245m空间，用时52毫秒，整个堆的空间从279m回收到88m，回收191m空间，花了52毫秒，这里有（245m-191m) = 54m 的对象从yong区晋升到了老年区。

最下面是堆中各个分区的空间占比和使用率
其中
```
def new generation   total 314560K, used 11839K [0x0000000780000000, 0x0000000795550000, 0x0000000795550000)  年轻区 Eden+1so = 314m 使用了11m
  eden space 279616K,   4% used [0x0000000780000000, 0x0000000780b8fce8,  0x0000000791110000) Eden区279m 使用了4%
  from space 34944K,   0% used [0x0000000791110000, 0x0000000791110000, 0x0000000793330000) 
  to   space 34944K,   0% used [0x0000000793330000, 0x0000000793330000, 0x0000000795550000)
 tenured generation   total 699072K, used 387218K [0x0000000795550000, 0x00000007c0000000, 0x00000007c0000000) 年老区 70m 使用了38m 使用了55%
   the space 699072K,  55% used [0x0000000795550000, 0x00000007acf748d8, 0x00000007acf74a00, 0x00000007c0000000)
 Metaspace       used 2698K, capacity 4486K, committed 4864K, reserved 1056768K  元数据区 使用了 2m,空间4m，提交了4m，未使用1g
  class space    used 296K, capacity 386K, committed 512K, reserved 1048576K
  本地变量区 使用0.2m 空间0.3 提交512k. 未使用1g
```
### ParallelGC运行
运行命令
```
java -XX:+UseParallelGC -XX:+PrintGCDetails -XX:+PrintGCDateStamps -Xmx512m -Xms512m -Xloggc:parallel.log GCLogAnalysis
```
查看gc日志
```
cat parallel.log

/proc/meminfo:

CommandLine flags: -XX:InitialHeapSize=536870912 -XX:MaxHeapSize=536870912 -XX:+PrintGC -XX:+PrintGCDateStamps -XX:+PrintGCDetails -XX:+PrintGCTimeStamps -XX:+UseCompressedClassPointers -XX:+UseCompressedOops -XX:+UseParallelGC 
2021-03-27T16:27:01.205-0800: 0.212: [GC (Allocation Failure) [PSYoungGen: 131584K->21502K(153088K)] 131584K->41078K(502784K), 0.0167226 secs] [Times: user=0.02 sys=0.04, real=0.02 secs] 
2021-03-27T16:27:01.246-0800: 0.252: [GC (Allocation Failure) [PSYoungGen: 152871K->21503K(153088K)] 172446K->80245K(502784K), 0.0238367 secs] [Times: user=0.03 sys=0.05, real=0.03 secs] 
2021-03-27T16:27:01.290-0800: 0.296: [GC (Allocation Failure) [PSYoungGen: 153087K->21502K(153088K)] 211829K->120449K(502784K), 0.0194434 secs] [Times: user=0.03 sys=0.05, real=0.02 secs] 
2021-03-27T16:27:01.330-0800: 0.336: [GC (Allocation Failure) [PSYoungGen: 153086K->21493K(153088K)] 252033K->168173K(502784K), 0.0220359 secs] [Times: user=0.03 sys=0.05, real=0.02 secs] 
2021-03-27T16:27:01.372-0800: 0.378: [GC (Allocation Failure) [PSYoungGen: 152611K->21491K(153088K)] 299290K->206497K(502784K), 0.0187433 secs] [Times: user=0.03 sys=0.04, real=0.02 secs] 
2021-03-27T16:27:01.412-0800: 0.418: [GC (Allocation Failure) [PSYoungGen: 152866K->21500K(80384K)] 337872K->244286K(430080K), 0.0190709 secs] [Times: user=0.03 sys=0.04, real=0.02 secs] 
2021-03-27T16:27:01.440-0800: 0.446: [GC (Allocation Failure) [PSYoungGen: 80380K->34407K(116736K)] 303166K->263271K(466432K), 0.0085903 secs] [Times: user=0.02 sys=0.01, real=0.00 secs] 
2021-03-27T16:27:01.459-0800: 0.465: [GC (Allocation Failure) [PSYoungGen: 93287K->45872K(116736K)] 322151K->279726K(466432K), 0.0094985 secs] [Times: user=0.02 sys=0.00, real=0.01 secs] 
2021-03-27T16:27:01.479-0800: 0.485: [GC (Allocation Failure) [PSYoungGen: 104752K->54508K(116736K)] 338606K->296046K(466432K), 0.0127277 secs] [Times: user=0.03 sys=0.01, real=0.02 secs] 
2021-03-27T16:27:01.505-0800: 0.511: [GC (Allocation Failure) [PSYoungGen: 113343K->40343K(116736K)] 354881K->315436K(466432K), 0.0198035 secs] [Times: user=0.03 sys=0.03, real=0.02 secs] 
2021-03-27T16:27:01.536-0800: 0.542: [GC (Allocation Failure) [PSYoungGen: 98945K->22056K(116736K)] 374039K->334801K(466432K), 0.0192159 secs] [Times: user=0.03 sys=0.04, real=0.02 secs] 
2021-03-27T16:27:01.556-0800: 0.562: [Full GC (Ergonomics) [PSYoungGen: 22056K->0K(116736K)] [ParOldGen: 312745K->239385K(349696K)] 334801K->239385K(466432K), [Metaspace: 2692K->2692K(1056768K)], 0.0444408 secs] [Times: user=0.14 sys=0.01, real=0.05 secs] 
2021-03-27T16:27:01.611-0800: 0.617: [GC (Allocation Failure) [PSYoungGen: 58880K->19528K(116736K)] 298265K->258913K(466432K), 0.0037956 secs] [Times: user=0.01 sys=0.00, real=0.00 secs] 
2021-03-27T16:27:01.625-0800: 0.631: [GC (Allocation Failure) [PSYoungGen: 78374K->18739K(116736K)] 317759K->276175K(466432K), 0.0064626 secs] [Times: user=0.02 sys=0.00, real=0.01 secs] 
2021-03-27T16:27:01.643-0800: 0.649: [GC (Allocation Failure) [PSYoungGen: 77619K->21638K(116736K)] 335055K->297166K(466432K), 0.0072451 secs] [Times: user=0.02 sys=0.00, real=0.01 secs] 
2021-03-27T16:27:01.661-0800: 0.667: [GC (Allocation Failure) [PSYoungGen: 80504K->15712K(116736K)] 356031K->311426K(466432K), 0.0068481 secs] [Times: user=0.02 sys=0.00, real=0.00 secs] 
2021-03-27T16:27:01.677-0800: 0.683: [GC (Allocation Failure) [PSYoungGen: 74534K->17828K(116736K)] 370248K->328032K(466432K), 0.0066504 secs] [Times: user=0.02 sys=0.00, real=0.01 secs] 
2021-03-27T16:27:01.684-0800: 0.690: [Full GC (Ergonomics) [PSYoungGen: 17828K->0K(116736K)] [ParOldGen: 310203K->261915K(349696K)] 328032K->261915K(466432K), [Metaspace: 2692K->2692K(1056768K)], 0.0417091 secs] [Times: user=0.13 sys=0.00, real=0.04 secs] 
2021-03-27T16:27:01.736-0800: 0.742: [GC (Allocation Failure) [PSYoungGen: 58880K->19888K(116736K)] 320795K->281803K(466432K), 0.0038856 secs] [Times: user=0.01 sys=0.00, real=0.01 secs] 
2021-03-27T16:27:01.750-0800: 0.756: [GC (Allocation Failure) [PSYoungGen: 78768K->18494K(116736K)] 340683K->298652K(466432K), 0.0066693 secs] [Times: user=0.02 sys=0.00, real=0.00 secs] 
2021-03-27T16:27:01.766-0800: 0.772: [GC (Allocation Failure) [PSYoungGen: 76600K->23199K(116736K)] 356757K->320659K(466432K), 0.0069665 secs] [Times: user=0.03 sys=0.00, real=0.01 secs] 
2021-03-27T16:27:01.783-0800: 0.789: [GC (Allocation Failure) [PSYoungGen: 82079K->19831K(116736K)] 379539K->339036K(466432K), 0.0079747 secs] [Times: user=0.02 sys=0.01, real=0.01 secs] 
2021-03-27T16:27:01.791-0800: 0.797: [Full GC (Ergonomics) [PSYoungGen: 19831K->0K(116736K)] [ParOldGen: 319205K->287008K(349696K)] 339036K->287008K(466432K), [Metaspace: 2692K->2692K(1056768K)], 0.0401334 secs] [Times: user=0.15 sys=0.00, real=0.04 secs] 
2021-03-27T16:27:01.841-0800: 0.847: [GC (Allocation Failure) [PSYoungGen: 58874K->20628K(116736K)] 345882K->307636K(466432K), 0.0039355 secs] [Times: user=0.01 sys=0.00, real=0.00 secs] 
2021-03-27T16:27:01.854-0800: 0.860: [GC (Allocation Failure) [PSYoungGen: 79365K->19038K(116736K)] 366373K->325704K(466432K), 0.0063469 secs] [Times: user=0.02 sys=0.00, real=0.01 secs] 
2021-03-27T16:27:01.871-0800: 0.877: [GC (Allocation Failure) [PSYoungGen: 77918K->21176K(116736K)] 384584K->346278K(466432K), 0.0074453 secs] [Times: user=0.02 sys=0.01, real=0.00 secs] 
2021-03-27T16:27:01.879-0800: 0.885: [Full GC (Ergonomics) [PSYoungGen: 21176K->0K(116736K)] [ParOldGen: 325101K->290934K(349696K)] 346278K->290934K(466432K), [Metaspace: 2692K->2692K(1056768K)], 0.0414621 secs] [Times: user=0.15 sys=0.00, real=0.05 secs] 
2021-03-27T16:27:01.930-0800: 0.936: [GC (Allocation Failure) [PSYoungGen: 58661K->15809K(116736K)] 349595K->306743K(466432K), 0.0033521 secs] [Times: user=0.01 sys=0.00, real=0.00 secs] 
2021-03-27T16:27:01.943-0800: 0.949: [GC (Allocation Failure) [PSYoungGen: 74671K->20476K(116736K)] 365605K->326693K(466432K), 0.0061991 secs] [Times: user=0.02 sys=0.00, real=0.00 secs] 
2021-03-27T16:27:01.959-0800: 0.965: [GC (Allocation Failure) [PSYoungGen: 79356K->21330K(116736K)] 385573K->345909K(466432K), 0.0076597 secs] [Times: user=0.03 sys=0.00, real=0.01 secs] 
2021-03-27T16:27:01.967-0800: 0.973: [Full GC (Ergonomics) [PSYoungGen: 21330K->0K(116736K)] [ParOldGen: 324578K->298485K(349696K)] 345909K->298485K(466432K), [Metaspace: 2692K->2692K(1056768K)], 0.0475767 secs] [Times: user=0.15 sys=0.01, real=0.05 secs] 
2021-03-27T16:27:02.026-0800: 1.032: [GC (Allocation Failure) [PSYoungGen: 58862K->19063K(116736K)] 357347K->317548K(466432K), 0.0040899 secs] [Times: user=0.01 sys=0.00, real=0.01 secs] 
2021-03-27T16:27:02.040-0800: 1.046: [GC (Allocation Failure) [PSYoungGen: 77943K->41045K(116224K)] 376428K->339530K(465920K), 0.0072566 secs] [Times: user=0.02 sys=0.00, real=0.00 secs] 
2021-03-27T16:27:02.057-0800: 1.063: [GC (Allocation Failure) [PSYoungGen: 99889K->17441K(116736K)] 398374K->353325K(466432K), 0.0121448 secs] [Times: user=0.03 sys=0.01, real=0.01 secs] 
2021-03-27T16:27:02.069-0800: 1.075: [Full GC (Ergonomics) [PSYoungGen: 17441K->0K(116736K)] [ParOldGen: 335883K->309434K(349696K)] 353325K->309434K(466432K), [Metaspace: 2692K->2692K(1056768K)], 0.0466862 secs] [Times: user=0.15 sys=0.00, real=0.05 secs] 
Heap
```
由于这次我使用了512m的内存，内存堆变小，所以有大量的Full GC 和 GC.分析其中一条
```
2021-03-27T16:27:01.854-0800: 0.860: [GC (Allocation Failure) [PSYoungGen: 79365K->19038K(116736K)] 366373K->325704K(466432K), 0.0063469 secs] [Times: user=0.02 sys=0.00, real=0.01 secs] 
```
这条是在启动程序后，0.86秒的时候，产生的年轻区的gc日志。年轻区从79m回收到19m，回收了60m，整堆从366m回收到了325m空间，回收了41m空间。其中有60-41=19m的年轻区对象晋升到了年老区。整个用时6毫秒。

分析Full GC
```
2021-03-27T16:27:01.967-0800: 0.973: [Full GC (Ergonomics) [PSYoungGen: 21330K->0K(116736K)] [ParOldGen: 324578K->298485K(349696K)] 345909K->298485K(466432K), [Metaspace: 2692K->2692K(1056768K)], 0.0475767 secs] [Times: user=0.15 sys=0.01, real=0.05 secs] 
```
Full GC首先把年轻区大小从21m回收到0m,回收了21m，老年代从324m回收到298m，回收了36m，整个堆从345m回收到了298m，回收了47m。其中年轻区有21+36-47 = 10m的数据晋升了到了老年区。

堆信息如下
```
 PSYoungGen      total 116736K, used 2953K [0x00000007b5580000, 0x00000007c0000000, 0x00000007c0000000) Eden + 1so 空间 116m，使用了3m
  eden space 58880K, 5% used  [0x00000007b5580000,0x00000007b58624f8,0x00000007b8f00000)  Eden区58m，使用了5%
  from space 57856K, 0% used [0x00000007b8f00000,0x00000007b8f00000,0x00000007bc780000) from区 58m 使用了0%
  to   space 57856K, 0% used [0x00000007bc780000,0x00000007bc780000,0x00000007c0000000)
 ParOldGen       total 349696K, used 309434K [0x00000007a0000000, 0x00000007b5580000, 0x00000007b5580000) 年老区 349m 使用了309m，使用了88%
  object space 349696K, 88% used [0x00000007a0000000,0x00000007b2e2ea48,0x00000007b5580000)
 Metaspace       used 2698K, capacity 4486K, committed 4864K, reserved 1056768K  # 元数据区 使用了2m，空间4m，提交4m，未使用1056m
  class space    used 296K, capacity 386K, committed 512K, reserved 1048576K
  类空间 使用296k,空间386k,提交512k，未使用1048m。
```
### CMS GC运行
运行命令
```
java -XX:+UseConcMarkSweepGC -Xms512m -Xmx512m -Xloggc:cms.log -XX:+PrintGCDetails -XX:+PrintGCDateStamps GCLogAnalysis
```
查看日志

cat cms.log
```
/proc/meminfo:

CommandLine flags: -XX:InitialHeapSize=536870912 -XX:MaxHeapSize=536870912 -XX:MaxNewSize=178958336 -XX:MaxTenuringThreshold=6 -XX:NewSize=178958336 -XX:OldPLABSize=16 -XX:OldSize=357912576 -XX:+PrintGC -XX:+PrintGCDateStamps -XX:+PrintGCDetails -XX:+PrintGCTimeStamps -XX:+UseCompressedClassPointers -XX:+UseCompressedOops -XX:+UseConcMarkSweepGC -XX:+UseParNewGC 
2021-03-27T16:47:58.719-0800: 0.222: [GC (Allocation Failure) 2021-03-27T16:47:58.719-0800: 0.223: [ParNew: 139776K->17468K(157248K), 0.0223228 secs] 139776K->51299K(506816K), 0.0224755 secs] [Times: user=0.02 sys=0.05, real=0.03 secs] 
2021-03-27T16:47:58.767-0800: 0.270: [GC (Allocation Failure) 2021-03-27T16:47:58.767-0800: 0.270: [ParNew: 157244K->17472K(157248K), 0.0257075 secs] 191075K->99492K(506816K), 0.0258045 secs] [Times: user=0.03 sys=0.06, real=0.03 secs] 
2021-03-27T16:47:58.814-0800: 0.317: [GC (Allocation Failure) 2021-03-27T16:47:58.814-0800: 0.318: [ParNew: 157248K->17472K(157248K), 0.0341395 secs] 239268K->148334K(506816K), 0.0342372 secs] [Times: user=0.10 sys=0.02, real=0.03 secs] 
2021-03-27T16:47:58.871-0800: 0.374: [GC (Allocation Failure) 2021-03-27T16:47:58.871-0800: 0.374: [ParNew: 157248K->17472K(157248K), 0.0294547 secs] 288110K->189608K(506816K), 0.0295487 secs] [Times: user=0.09 sys=0.02, real=0.03 secs] 
2021-03-27T16:47:58.923-0800: 0.426: [GC (Allocation Failure) 2021-03-27T16:47:58.923-0800: 0.426: [ParNew: 157248K->17471K(157248K), 0.0328626 secs] 329384K->236988K(506816K), 0.0329564 secs] [Times: user=0.10 sys=0.02, real=0.03 secs] 
2021-03-27T16:47:58.956-0800: 0.459: [GC (CMS Initial Mark) [1 CMS-initial-mark: 219517K(349568K)] 237300K(506816K), 0.0002134 secs] [Times: user=0.00 sys=0.00, real=0.00 secs] 
2021-03-27T16:47:58.956-0800: 0.459: [CMS-concurrent-mark-start]
2021-03-27T16:47:58.962-0800: 0.465: [CMS-concurrent-mark: 0.006/0.006 secs] [Times: user=0.01 sys=0.01, real=0.01 secs] 
2021-03-27T16:47:58.962-0800: 0.465: [CMS-concurrent-preclean-start]
2021-03-27T16:47:58.962-0800: 0.466: [CMS-concurrent-preclean: 0.001/0.001 secs] [Times: user=0.00 sys=0.00, real=0.00 secs] 
2021-03-27T16:47:58.962-0800: 0.466: [CMS-concurrent-abortable-preclean-start]
2021-03-27T16:47:58.978-0800: 0.481: [GC (Allocation Failure) 2021-03-27T16:47:58.978-0800: 0.481: [ParNew: 157247K->17471K(157248K), 0.0373349 secs] 376764K->285035K(506816K), 0.0375618 secs] [Times: user=0.11 sys=0.02, real=0.04 secs] 
2021-03-27T16:47:59.036-0800: 0.540: [GC (Allocation Failure) 2021-03-27T16:47:59.036-0800: 0.540: [ParNew: 156813K->17472K(157248K), 0.0330459 secs] 424377K->326202K(506816K), 0.0331427 secs] [Times: user=0.10 sys=0.02, real=0.03 secs] 
2021-03-27T16:47:59.092-0800: 0.596: [GC (Allocation Failure) 2021-03-27T16:47:59.092-0800: 0.596: [ParNew: 157220K->157220K(157248K), 0.0000245 secs]2021-03-27T16:47:59.092-0800: 0.596: [CMS2021-03-27T16:47:59.092-0800: 0.596: [CMS-concurrent-abortable-preclean: 0.003/0.130 secs] [Times: user=0.27 sys=0.04, real=0.13 secs] 
 (concurrent mode failure): 308730K->245344K(349568K), 0.0623795 secs] 465950K->245344K(506816K), [Metaspace: 2692K->2692K(1056768K)], 0.0625298 secs] [Times: user=0.06 sys=0.00, real=0.06 secs] 
2021-03-27T16:47:59.178-0800: 0.681: [GC (Allocation Failure) 2021-03-27T16:47:59.178-0800: 0.681: [ParNew: 139776K->17471K(157248K), 0.0094006 secs] 385120K->292225K(506816K), 0.0094954 secs] [Times: user=0.04 sys=0.00, real=0.01 secs] 
2021-03-27T16:47:59.187-0800: 0.690: [GC (CMS Initial Mark) [1 CMS-initial-mark: 274754K(349568K)] 292369K(506816K), 0.0001511 secs] [Times: user=0.00 sys=0.00, real=0.00 secs] 
2021-03-27T16:47:59.187-0800: 0.691: [CMS-concurrent-mark-start]
2021-03-27T16:47:59.191-0800: 0.694: [CMS-concurrent-mark: 0.003/0.003 secs] [Times: user=0.00 sys=0.00, real=0.01 secs] 
2021-03-27T16:47:59.191-0800: 0.694: [CMS-concurrent-preclean-start]
2021-03-27T16:47:59.191-0800: 0.695: [CMS-concurrent-preclean: 0.001/0.001 secs] [Times: user=0.00 sys=0.00, real=0.00 secs] 
2021-03-27T16:47:59.191-0800: 0.695: [CMS-concurrent-abortable-preclean-start]
2021-03-27T16:47:59.213-0800: 0.716: [GC (Allocation Failure) 2021-03-27T16:47:59.213-0800: 0.716: [ParNew: 157091K->17471K(157248K), 0.0164811 secs] 431846K->336245K(506816K), 0.0165962 secs] [Times: user=0.05 sys=0.00, real=0.01 secs] 
2021-03-27T16:47:59.252-0800: 0.755: [GC (Allocation Failure) 2021-03-27T16:47:59.252-0800: 0.755: [ParNew: 157247K->157247K(157248K), 0.0000207 secs]2021-03-27T16:47:59.252-0800: 0.755: [CMS2021-03-27T16:47:59.252-0800: 0.755: [CMS-concurrent-abortable-preclean: 0.002/0.061 secs] [Times: user=0.10 sys=0.01, real=0.06 secs] 
 (concurrent mode failure): 318773K->290965K(349568K), 0.0530007 secs] 476021K->290965K(506816K), [Metaspace: 2692K->2692K(1056768K)], 0.0531344 secs] [Times: user=0.06 sys=0.00, real=0.05 secs] 
```
分析其中一段
```

2021-03-27T16:47:59.329-0800: 0.833: [GC (Allocation Failure) 2021-03-27T16:47:59.330-0800: 0.833: [ParNew: 139776K->17468K(157248K), 0.0125984 secs] 430741K->342610K(506816K), 0.0126835 secs] [Times: user=0.04 sys=0.00, real=0.02 secs] 
2021-03-27T16:47:59.342-0800: 0.846: [GC (CMS Initial Mark) [1 CMS-initial-mark: 325141K(349568K)] 342754K(506816K), 0.0001306 secs] [Times: user=0.01 sys=0.00, real=0.00 secs] 
2021-03-27T16:47:59.342-0800: 0.846: [CMS-concurrent-mark-start]
2021-03-27T16:47:59.345-0800: 0.848: [CMS-concurrent-mark: 0.002/0.002 secs] [Times: user=0.00 sys=0.00, real=0.00 secs] 
2021-03-27T16:47:59.345-0800: 0.848: [CMS-concurrent-preclean-start]
2021-03-27T16:47:59.346-0800: 0.849: [CMS-concurrent-preclean: 0.001/0.001 secs] [Times: user=0.00 sys=0.00, real=0.00 secs] 
2021-03-27T16:47:59.346-0800: 0.849: [CMS-concurrent-abortable-preclean-start]
2021-03-27T16:47:59.346-0800: 0.849: [CMS-concurrent-abortable-preclean: 0.000/0.000 secs] [Times: user=0.00 sys=0.00, real=0.00 secs] 
2021-03-27T16:47:59.346-0800: 0.849: [GC (CMS Final Remark) [YG occupancy: 37185 K (157248 K)]2021-03-27T16:47:59.346-0800: 0.849: [Rescan (parallel) , 0.0003567 secs]2021-03-27T16:47:59.346-0800: 0.849: [weak refs processing, 0.0000106 secs]2021-03-27T16:47:59.346-0800: 0.849: [class unloading, 0.0002130 secs]2021-03-27T16:47:59.346-0800: 0.850: [scrub symbol table, 0.0003130 secs]2021-03-27T16:47:59.347-0800: 0.850: [scrub string table, 0.0001343 secs][1 CMS-remark: 325141K(349568K)] 362327K(506816K), 0.0010888 secs] [Times: user=0.00 sys=0.00, real=0.00 secs] 
2021-03-27T16:47:59.347-0800: 0.850: [CMS-concurrent-sweep-start]
2021-03-27T16:47:59.348-0800: 0.851: [CMS-concurrent-sweep: 0.001/0.001 secs] [Times: user=0.00 sys=0.00, real=0.00 secs] 
2021-03-27T16:47:59.348-0800: 0.851: [CMS-concurrent-reset-start]
2021-03-27T16:47:59.348-0800: 0.851: [CMS-concurrent-reset: 0.000/0.001 secs] [Times: user=0.00 sys=0.00, real=0.00 secs] 
2021-03-27T16:47:59.368-0800: 0.871: [GC (Allocation Failure) 2021-03-27T16:47:59.368-0800: 0.871: [ParNew: 157182K->17471K(157248K), 0.0180311 secs] 449341K->354994K(506816K), 0.0181114 secs] [Times: user=0.06 sys=0.01, real=0.02 secs] 
```
这里cms,有如下步骤
```
在启动0.833秒的发生了gc。
老年区回收经历了6个步骤
1.init mark初始标记 耗时1毫秒
2.concurrent mark 并发标记
3.concurrent preclean 并发预清除
4.final mark 最终标记
5.concurrent sweep 并发清除
6.concurrent reset 并发恢复
```
在每次并发执行的中，年轻代也执行了多次gc,比如
```
2021-03-27T16:47:59.368-0800: 0.871: [ParNew: 157182K->17471K(157248K), 0.0180311 secs] 449341K->354994K(506816K), 0.0181114 secs] [Times: user=0.06 sys=0.01, real=0.02 secs] 
```
年轻代从157m回收到了17m，年轻代空间从449m空间回收到了354m，中国年轻。

### G1运行
运行命令
```
java -Xms512m -Xmx512m -Xloggc:g1.log -XX:+UseG1GC -XX:+PrintGC -XX:+PrintGCDateStamps GCLogAnalysis
```
查看gc日志
```
cat g1.log

C pause (G1 Evacuation Pause) (young) 411M->288M(512M), 0.0078938 secs]
2021-03-27T19:17:37.604-0800: 0.567: [GC pause (G1 Evacuation Pause) (mixed) 296M->269M(512M), 0.0066852 secs]
2021-03-27T19:17:37.611-0800: 0.574: [GC pause (G1 Humongous Allocation) (young) (initial-mark) 272M->270M(512M), 0.0011053 secs]
2021-03-27T19:17:37.612-0800: 0.575: [GC concurrent-root-region-scan-start]
2021-03-27T19:17:37.613-0800: 0.575: [GC concurrent-root-region-scan-end, 0.0001044 secs]
2021-03-27T19:17:37.613-0800: 0.575: [GC concurrent-mark-start]
2021-03-27T19:17:37.614-0800: 0.577: [GC concurrent-mark-end, 0.0016248 secs]
2021-03-27T19:17:37.614-0800: 0.577: [GC remark, 0.0015353 secs]
2021-03-27T19:17:37.616-0800: 0.579: [GC cleanup 281M->280M(512M), 0.0005086 secs]
```
在yong区，G1 Evacuation Pause yong区模式转移暂停从411m整理到288m，然后是混合模式，从296m整理到269m。
并发标记：
1.init mark 初始标记 从272m整理到270m，费时1毫秒
2.并发region 扫描
3.并发标记 费时1毫秒
4.重新标记 费时1毫秒
5.清理 从281m到280 费时0.5毫秒

G1可能存在退化的问题，导致gc串行化，主要是因为Region的年轻区和年老区空间已经很少了，那么怎么解决呢
1.提升堆的大小
2.如果是分片大对象，发生gc，那么可以设置region的块大小


### GC内存分析的方法
主要思路是总体是业务需求出发，然后在业务需求不能满足的条件下进行所谓的gc调优。
业务需求主要从使用场景下区分。
```
1.要求吞吐  吞吐需求是参考并行gc,ParallelGC算法，在年轻代使用标记复制算法，在老年代标记整理清除算法。比如在java1.8的默认就是，好处是垃圾回收快，每次垃圾间隔短，但是偶尔gc延时稍微长。
2.要求低延时 业务上使用CMS或者G1算法。他们的思路都是尽量并发的执行gc和业务，这样对gc整体的暂停时间也就相对而少，但是也导致，gc的频率比较高，因为每次回收的空间稍微比较少，适合大堆环境。具体选择上CMS是年轻代使用ParNewGC,老年代使用ConcMarkSweepGC,老年代的存在空间碎片问题。G1是CMS的升级版本，适合内存4G以上的堆，而且很为多个region，动态的分析和回收对象，对低延时更加友好。
```
当然业务上大体上定了垃圾回收算法，然后就是出现问题，不能满足业务需要的时候，进行策略的条件。首先是gc的日志分析，分析问题的所在，然后是启动参数的配置，当然是包括年轻区或者老年区空间的调整，算法的调整，并发gc线程数的条件，年轻区晋升老年区的年龄的调整等。

#### gc日志分析
```
启动参数
-XX:+PrintGCDetails  打印详细日志
-XX:+PrintGCDateStamps  打印时间
-Xloggc: aaa.log 日志输出文件
```
也可以把日志文件上传到gceasy.io网站上进行分析，直观
日志的分析，就如同上面的不同的gc算法进行不同的分析。

#### 参数调整
分析年轻区分配速率和年老区的晋升速率的问题。
如果年轻区的分配速率和晋升速率需要达到一定的平衡。
分配速率比较大的时候，会导致，频繁的gc。
如何解决分配速率过高的问题
```
1.调整堆的大小，当堆变大的时候，yong区的空间，相当也变大了。
2.调整yong区和年老区的大小比例，比如直接分配年轻区的大小 设置NewSize 或者NewRatio
3.分析代码，比如对象的分配上，代码的算法上，能不能进行优化
```
晋升速率比较大的时候，会导致如下问题，fullGC比较频繁，老年代空间不足，内存溢出。
如果解决晋升速率问题
```
1.调整晋升的阀值 -XX:+MaxTenuringThesshold 默认是15
2.让年轻代变大，存下数据
3.代码分析，减少年轻区的内存gc，调整数据结构大小，减少对象分配
```


